// Jest Snapshot v1, https://goo.gl/fbAQLP

exports[`Contact form should match snapshot 1`] = `
.emotion-23 {
  box-sizing: border-box;
  margin: 0;
  min-width: 0;
  height: 100%;
  color: var(--theme-ui-colors-gray-2,#CFCFCF);
  margin-top: 4rem;
}

@media screen and (min-width:640px) {
  .emotion-23 {
    margin-top: 8rem;
  }
}

.emotion-22 {
  box-sizing: border-box;
  margin: 0;
  min-width: 0;
  width: 100%;
  max-width: 20rem;
  margin-left: auto;
  margin-right: auto;
  padding-right: 1.5rem;
  padding-left: 1.5rem;
  max-width: 32rem;
}

@media screen and (min-width:640px) {
  .emotion-22 {
    max-width: 32rem;
  }
}

@media screen and (min-width:768px) {
  .emotion-22 {
    max-width: 42rem;
  }
}

@media screen and (min-width:1024px) {
  .emotion-22 {
    max-width: 56rem;
  }
}

.emotion-0 {
  box-sizing: border-box;
  margin: 0;
  min-width: 0;
  font-size: 2.25rem;
  color: var(--theme-ui-colors-gray-1,#E1E1E1);
  font-weight: 600;
  margin-bottom: 1rem;
}

@media screen and (min-width:640px) {
  .emotion-0 {
    font-size: 2.25rem;
  }
}

@media screen and (min-width:768px) {
  .emotion-0 {
    font-size: 3rem;
  }
}

.emotion-1 {
  box-sizing: border-box;
  margin: 0;
  min-width: 0;
  font-size: 1.25rem;
  font-family: "IBM Plex Sans",sans-serif;
  margin-bottom: 3rem;
}

@media screen and (min-width:640px) {
  .emotion-1 {
    font-size: 1.5rem;
  }
}

.emotion-21 {
  width: 100%;
}

.emotion-2 {
  box-sizing: border-box;
  margin: 0;
  min-width: 0;
  display: block;
  width: 100%;
  padding: 0.5rem;
  -webkit-appearance: none;
  -moz-appearance: none;
  appearance: none;
  font-size: inherit;
  line-height: inherit;
  border: 1px solid;
  border-radius: 4px;
  color: inherit;
  background-color: var(--theme-ui-colors-transparent,transparent);
  border-color: var(--theme-ui-colors-primary,#17B897);
}

.emotion-2:hover {
  border-color: var(--theme-ui-colors-primaryHover,#2DCCA7);
}

.emotion-2:focus {
  outline: none;
  border-color: #079A82;
  box-shadow: 0 0 0 2px #079A82;
}

.emotion-9 {
  box-sizing: border-box;
  margin: 0;
  min-width: 0;
  -webkit-flex-wrap: wrap;
  -ms-flex-wrap: wrap;
  flex-wrap: wrap;
  margin-left: -0.75rem;
  margin-right: -0.75rem;
  margin-bottom: 3rem;
  display: -webkit-box;
  display: -webkit-flex;
  display: -ms-flexbox;
  display: flex;
}

.emotion-5 {
  box-sizing: border-box;
  margin: 0;
  min-width: 0;
  padding-left: 0.75rem;
  padding-right: 0.75rem;
  width: 100%;
  margin-bottom: 3rem;
  width: 100%;
}

@media screen and (min-width:640px) {
  .emotion-5 {
    margin-bottom: 3rem;
  }
}

@media screen and (min-width:768px) {
  .emotion-5 {
    margin-bottom: 0;
  }
}

@media screen and (min-width:640px) {
  .emotion-5 {
    width: 100%;
  }
}

@media screen and (min-width:768px) {
  .emotion-5 {
    width: 50%;
  }
}

.emotion-3 {
  box-sizing: border-box;
  margin: 0;
  min-width: 0;
  width: 100%;
  display: -webkit-box;
  display: -webkit-flex;
  display: -ms-flexbox;
  display: flex;
  display: block;
  -webkit-letter-spacing: 0.025em;
  -moz-letter-spacing: 0.025em;
  -ms-letter-spacing: 0.025em;
  letter-spacing: 0.025em;
  margin-bottom: 0.5rem;
  font-size: 1rem;
}

@media screen and (min-width:640px) {
  .emotion-3 {
    font-size: 1.125rem;
  }
}

.emotion-4 {
  box-sizing: border-box;
  margin: 0;
  min-width: 0;
  display: block;
  width: 100%;
  padding: 0.5rem;
  -webkit-appearance: none;
  -moz-appearance: none;
  appearance: none;
  font-size: inherit;
  line-height: inherit;
  border: 1px solid;
  border-radius: 4px;
  color: inherit;
  background-color: var(--theme-ui-colors-transparent,transparent);
  border-width: 0;
  background-color: var(--theme-ui-colors-transparent,transparent);
  border-bottom-width: 2px;
  margin-right: 0.75rem;
  padding-top: 0.25rem;
  padding-bottom: 0.25rem;
  font-size: 1.25rem;
  font-family: "IBM Plex Sans",sans-serif;
}

@media screen and (min-width:640px) {
  .emotion-4 {
    font-size: 1.5rem;
  }
}

.emotion-4:focus {
  outline: none;
}

.emotion-8 {
  box-sizing: border-box;
  margin: 0;
  min-width: 0;
  padding-left: 0.75rem;
  padding-right: 0.75rem;
  width: 100%;
  width: 100%;
}

@media screen and (min-width:640px) {
  .emotion-8 {
    width: 100%;
  }
}

@media screen and (min-width:768px) {
  .emotion-8 {
    width: 50%;
  }
}

.emotion-12 {
  box-sizing: border-box;
  margin: 0;
  min-width: 0;
  padding-left: 0.75rem;
  padding-right: 0.75rem;
  width: 100%;
}

.emotion-20 {
  box-sizing: border-box;
  margin: 0;
  min-width: 0;
  -webkit-flex-wrap: wrap;
  -ms-flex-wrap: wrap;
  flex-wrap: wrap;
  margin-left: -0.75rem;
  margin-right: -0.75rem;
  margin-bottom: 3rem;
  display: -webkit-box;
  display: -webkit-flex;
  display: -ms-flexbox;
  display: flex;
  -webkit-box-pack: end;
  -webkit-justify-content: flex-end;
  -ms-flex-pack: end;
  justify-content: flex-end;
}

.emotion-19 {
  box-sizing: border-box;
  margin: 0;
  min-width: 0;
  padding-left: 0.75rem;
  padding-right: 0.75rem;
  width: 100%;
  max-width: initial;
}

@media screen and (min-width:640px) {
  .emotion-19 {
    max-width: initial;
  }
}

@media screen and (min-width:768px) {
  .emotion-19 {
    max-width: 20rem;
  }
}

.emotion-18 {
  box-sizing: border-box;
  margin: 0;
  min-width: 0;
  -webkit-appearance: none;
  -moz-appearance: none;
  appearance: none;
  display: inline-block;
  text-align: center;
  line-height: inherit;
  -webkit-text-decoration: none;
  text-decoration: none;
  font-size: inherit;
  padding-left: 0.75rem;
  padding-right: 0.75rem;
  padding-top: 0.5rem;
  padding-bottom: 0.5rem;
  color: var(--theme-ui-colors-white,#fff);
  background-color: var(--theme-ui-colors-primary,#17B897);
  border: 0;
  border-radius: 4px;
  cursor: pointer;
  display: inline-block;
  width: 100%;
  padding-top: 1.5rem;
  padding-bottom: 1.5rem;
  text-align: center;
  font-size: 1.125rem;
  font-weight: 700;
  font-family: "Overpass Mono",Menlo,Monaco,Consolas,"Liberation Mono","Courier New",monospace;
  text-transform: uppercase;
  -webkit-letter-spacing: 0.05em;
  -moz-letter-spacing: 0.05em;
  -ms-letter-spacing: 0.05em;
  letter-spacing: 0.05em;
  -webkit-transition: all 100ms ease-in-out;
  transition: all 100ms ease-in-out;
  border-radius: inherit;
  background-color: #B1B1B1;
  color: #3B3B3B;
}

.emotion-18:hover {
  background-color: #3B3B3B;
  color: #B1B1B1;
}

.emotion-18:hover {
  box-shadow: 0 25px 50px -12px rgba(0,0,0,0.25);
}

<div>
  <section
    class="emotion-23"
    id="contact"
  >
    <div
      class="emotion-22"
    >
      <h1
        class="emotion-0"
      >
        Contact
      </h1>
      <p
        class="emotion-1"
      >
        Use the form below to send me an email.
      </p>
      <form
        class="emotion-21"
        data-netlify="true"
        method="post"
        name="contact"
      >
        <input
          class="emotion-2"
          name="form-name"
          type="hidden"
          value="contact"
        />
        <div
          class="emotion-9"
        >
          <div
            class="emotion-5"
          >
            <label
              class="emotion-3"
              for="first-name"
            >
              First Name*
            </label>
            <input
              class="emotion-4"
              id="first-name"
              name="first-name"
              required=""
              type="text"
            />
          </div>
          <div
            class="emotion-8"
          >
            <label
              class="emotion-3"
              for="last-name"
            >
              Last Name
            </label>
            <input
              class="emotion-4"
              id="last-name"
              name="last-name"
              type="text"
            />
          </div>
        </div>
        <div
          class="emotion-9"
        >
          <div
            class="emotion-12"
          >
            <label
              class="emotion-3"
              for="email"
            >
              Email address*
            </label>
            <input
              class="emotion-4"
              id="email"
              name="email"
              required=""
              type="email"
            />
          </div>
        </div>
        <div
          class="emotion-9"
        >
          <div
            class="emotion-12"
          >
            <label
              class="emotion-3"
              for="message"
            >
              Message*
            </label>
            <textarea
              class="emotion-4"
              id="message"
              name="message"
              required=""
              rows="8"
            />
          </div>
        </div>
        <div
          class="emotion-20"
        >
          <div
            class="emotion-19"
          >
            <button
              class="emotion-18"
              data-testid="button"
              type="submit"
            >
              Send
            </button>
          </div>
        </div>
      </form>
    </div>
  </section>
</div>
`;
